This is pdfTeX, Version 3.141592653-2.6-1.40.28 (TeX Live 2025) (preloaded format=pdflatex 2025.7.12)  23 MAR 2026 18:14
entering extended mode
 restricted \write18 enabled.
 %&-line parsing enabled.
**midterm.tex
(./midterm.tex
LaTeX2e <2025-06-01> patch level 1
L3 programming layer <2025-07-11>
(/usr/local/texlive/2025/texmf-dist/tex/latex/base/article.cls
Document Class: article 2025/01/22 v1.4n Standard LaTeX document class
(/usr/local/texlive/2025/texmf-dist/tex/latex/base/size12.clo
File: size12.clo 2025/01/22 v1.4n Standard LaTeX file (size option)
)
\c@part=\count275
\c@section=\count276
\c@subsection=\count277
\c@subsubsection=\count278
\c@paragraph=\count279
\c@subparagraph=\count280
\c@figure=\count281
\c@table=\count282
\abovecaptionskip=\skip49
\belowcaptionskip=\skip50
\bibindent=\dimen148
)
(/usr/local/texlive/2025/texmf-dist/tex/latex/setspace/setspace.sty
Package: setspace 2022/12/04 v6.7b set line spacing
)
(/usr/local/texlive/2025/texmf-dist/tex/latex/csvsimple/csvsimple.sty
Package: csvsimple 2024/09/27 v2.7.0 LaTeX CSV file processing
)
(/usr/local/texlive/2025/texmf-dist/tex/latex/csvsimple/csvsimple-legacy.sty
Package: csvsimple-legacy 2024/09/27 version 2.7.0 LaTeX2e CSV file processing

(/usr/local/texlive/2025/texmf-dist/tex/latex/pgf/utilities/pgfrcs.sty
(/usr/local/texlive/2025/texmf-dist/tex/generic/pgf/utilities/pgfutil-common.te
x
\pgfutil@everybye=\toks17
\pgfutil@tempdima=\dimen149
\pgfutil@tempdimb=\dimen150
)
(/usr/local/texlive/2025/texmf-dist/tex/generic/pgf/utilities/pgfutil-latex.def
\pgfutil@abb=\box53
) (/usr/local/texlive/2025/texmf-dist/tex/generic/pgf/utilities/pgfrcs.code.tex
(/usr/local/texlive/2025/texmf-dist/tex/generic/pgf/pgf.revision.tex)
Package: pgfrcs 2023-01-15 v3.1.10 (3.1.10)
))
(/usr/local/texlive/2025/texmf-dist/tex/latex/pgf/utilities/pgfkeys.sty
(/usr/local/texlive/2025/texmf-dist/tex/generic/pgf/utilities/pgfkeys.code.tex
\pgfkeys@pathtoks=\toks18
\pgfkeys@temptoks=\toks19

(/usr/local/texlive/2025/texmf-dist/tex/generic/pgf/utilities/pgfkeyslibraryfil
tered.code.tex
\pgfkeys@tmptoks=\toks20
))) (/usr/local/texlive/2025/texmf-dist/tex/latex/base/ifthen.sty
Package: ifthen 2024/03/16 v1.1e Standard LaTeX ifthen package (DPC)
) (/usr/local/texlive/2025/texmf-dist/tex/latex/etoolbox/etoolbox.sty
Package: etoolbox 2025/02/11 v2.5l e-TeX tools for LaTeX (JAW)
\etb@tempcnta=\count283
)
(/usr/local/texlive/2025/texmf-dist/tex/latex/tools/shellesc.sty
Package: shellesc 2023/07/08 v1.0d unified shell escape interface for LaTeX
Package shellesc Info: Restricted shell escape enabled on input line 77.
)
\csv@file=\read2
\c@csvinputline=\count284
\c@csvrow=\count285
\c@csvcol=\count286
\csv@out=\write3
)
(/usr/local/texlive/2025/texmf-dist/tex/latex/xcolor/xcolor.sty
Package: xcolor 2024/09/29 v3.02 LaTeX color extensions (UK)

(/usr/local/texlive/2025/texmf-dist/tex/latex/graphics-cfg/color.cfg
File: color.cfg 2016/01/02 v1.6 sample color configuration
)
Package xcolor Info: Driver file: pdftex.def on input line 274.

(/usr/local/texlive/2025/texmf-dist/tex/latex/graphics-def/pdftex.def
File: pdftex.def 2024/04/13 v1.2c Graphics/color driver for pdftex
)
(/usr/local/texlive/2025/texmf-dist/tex/latex/graphics/mathcolor.ltx)
Package xcolor Info: Model `cmy' substituted by `cmy0' on input line 1349.
Package xcolor Info: Model `hsb' substituted by `rgb' on input line 1353.
Package xcolor Info: Model `RGB' extended on input line 1365.
Package xcolor Info: Model `HTML' substituted by `rgb' on input line 1367.
Package xcolor Info: Model `Hsb' substituted by `hsb' on input line 1368.
Package xcolor Info: Model `tHsb' substituted by `hsb' on input line 1369.
Package xcolor Info: Model `HSB' substituted by `hsb' on input line 1370.
Package xcolor Info: Model `Gray' substituted by `gray' on input line 1371.
Package xcolor Info: Model `wave' substituted by `hsb' on input line 1372.
)
(/usr/local/texlive/2025/texmf-dist/tex/latex/graphics/graphics.sty
Package: graphics 2024/08/06 v1.4g Standard LaTeX Graphics (DPC,SPQR)

(/usr/local/texlive/2025/texmf-dist/tex/latex/graphics/trig.sty
Package: trig 2023/12/02 v1.11 sin cos tan (DPC)
)
(/usr/local/texlive/2025/texmf-dist/tex/latex/graphics-cfg/graphics.cfg
File: graphics.cfg 2016/06/04 v1.11 sample graphics configuration
)
Package graphics Info: Driver file: pdftex.def on input line 106.
)
(/usr/local/texlive/2025/texmf-dist/tex/latex/l3backend/l3backend-pdftex.def
File: l3backend-pdftex.def 2025-06-09 L3 backend support: PDF output (pdfTeX)
\l__color_backend_stack_int=\count287
)
(./midterm.aux)
\openout1 = `midterm.aux'.

LaTeX Font Info:    Checking defaults for OML/cmm/m/it on input line 17.
LaTeX Font Info:    ... okay on input line 17.
LaTeX Font Info:    Checking defaults for OMS/cmsy/m/n on input line 17.
LaTeX Font Info:    ... okay on input line 17.
LaTeX Font Info:    Checking defaults for OT1/cmr/m/n on input line 17.
LaTeX Font Info:    ... okay on input line 17.
LaTeX Font Info:    Checking defaults for T1/cmr/m/n on input line 17.
LaTeX Font Info:    ... okay on input line 17.
LaTeX Font Info:    Checking defaults for TS1/cmr/m/n on input line 17.
LaTeX Font Info:    ... okay on input line 17.
LaTeX Font Info:    Checking defaults for OMX/cmex/m/n on input line 17.
LaTeX Font Info:    ... okay on input line 17.
LaTeX Font Info:    Checking defaults for U/cmr/m/n on input line 17.
LaTeX Font Info:    ... okay on input line 17.

(/usr/local/texlive/2025/texmf-dist/tex/context/base/mkii/supp-pdf.mkii
[Loading MPS to PDF converter (version 2006.09.02).]
\scratchcounter=\count288
\scratchdimen=\dimen151
\scratchbox=\box54
\nofMPsegments=\count289
\nofMParguments=\count290
\everyMPshowfont=\toks21
\MPscratchCnt=\count291
\MPscratchDim=\dimen152
\MPnumerator=\count292
\makeMPintoPDFobject=\count293
\everyMPtoPDFconversion=\toks22
) (/usr/local/texlive/2025/texmf-dist/tex/latex/epstopdf-pkg/epstopdf-base.sty
Package: epstopdf-base 2020-01-24 v2.11 Base part for package epstopdf
Package epstopdf-base Info: Redefining graphics rule for `.eps' on input line 4
85.

(/usr/local/texlive/2025/texmf-dist/tex/latex/latexconfig/epstopdf-sys.cfg
File: epstopdf-sys.cfg 2010/07/13 v1.3 Configuration of (r)epstopdf for TeX Liv
e
))
LaTeX Font Info:    External font `cmex10' loaded for size
(Font)              <14.4> on input line 19.
LaTeX Font Info:    External font `cmex10' loaded for size
(Font)              <7> on input line 19.

(./4f/lily-44de2328-systems.tex
Package epstopdf Info: Source file: <4f/lily-44de2328-1.eps>
(epstopdf)                    date: 2026-03-23 18:14:21
(epstopdf)                    size: 257017 bytes
(epstopdf)             Output file: <4f/lily-44de2328-1-eps-converted-to.pdf>
(epstopdf)             Command: <repstopdf --outfile=4f/lily-44de2328-1-eps-con
verted-to.pdf 4f/lily-44de2328-1.eps>
(epstopdf)             \includegraphics on input line 1.
runsystem(repstopdf --outfile=4f/lily-44de2328-1-eps-converted-to.pdf 4f/lily-4
4de2328-1.eps)...executed safely (allowed).

Package epstopdf Info: Result file: <4f/lily-44de2328-1-eps-converted-to.pdf>
(epstopdf)                    date: 2026-03-23 18:14:21
(epstopdf)                    size: 30827 bytes.
<4f/lily-44de2328-1-eps-converted-to.pdf, id=1, 330.23375pt x 106.3975pt>
File: 4f/lily-44de2328-1-eps-converted-to.pdf Graphic file (type pdf)
<use 4f/lily-44de2328-1-eps-converted-to.pdf>
Package pdftex.def Info: 4f/lily-44de2328-1-eps-converted-to.pdf  used on input
 line 1.
(pdftex.def)             Requested size: 330.23293pt x 106.39723pt.
Package epstopdf Info: Source file: <4f/lily-44de2328-2.eps>
(epstopdf)                    date: 2026-03-23 18:14:21
(epstopdf)                    size: 258664 bytes
(epstopdf)             Output file: <4f/lily-44de2328-2-eps-converted-to.pdf>
(epstopdf)             Command: <repstopdf --outfile=4f/lily-44de2328-2-eps-con
verted-to.pdf 4f/lily-44de2328-2.eps>
(epstopdf)             \includegraphics on input line 7.
runsystem(repstopdf --outfile=4f/lily-44de2328-2-eps-converted-to.pdf 4f/lily-4
4de2328-2.eps)...executed safely (allowed).

Package epstopdf Info: Result file: <4f/lily-44de2328-2-eps-converted-to.pdf>
(epstopdf)                    date: 2026-03-23 18:14:22
(epstopdf)                    size: 30847 bytes.
<4f/lily-44de2328-2-eps-converted-to.pdf, id=2, 330.23375pt x 106.3975pt>
File: 4f/lily-44de2328-2-eps-converted-to.pdf Graphic file (type pdf)
<use 4f/lily-44de2328-2-eps-converted-to.pdf>
Package pdftex.def Info: 4f/lily-44de2328-2-eps-converted-to.pdf  used on input
 line 7.
(pdftex.def)             Requested size: 330.23293pt x 106.39723pt.
Package epstopdf Info: Source file: <4f/lily-44de2328-3.eps>
(epstopdf)                    date: 2026-03-23 18:14:21
(epstopdf)                    size: 263942 bytes
(epstopdf)             Output file: <4f/lily-44de2328-3-eps-converted-to.pdf>
(epstopdf)             Command: <repstopdf --outfile=4f/lily-44de2328-3-eps-con
verted-to.pdf 4f/lily-44de2328-3.eps>
(epstopdf)             \includegraphics on input line 13.
runsystem(repstopdf --outfile=4f/lily-44de2328-3-eps-converted-to.pdf 4f/lily-4
4de2328-3.eps)...executed safely (allowed).

Package epstopdf Info: Result file: <4f/lily-44de2328-3-eps-converted-to.pdf>
(epstopdf)                    date: 2026-03-23 18:14:22
(epstopdf)                    size: 31630 bytes.
<4f/lily-44de2328-3-eps-converted-to.pdf, id=3, 330.23375pt x 115.43124pt>
File: 4f/lily-44de2328-3-eps-converted-to.pdf Graphic file (type pdf)
<use 4f/lily-44de2328-3-eps-converted-to.pdf>
Package pdftex.def Info: 4f/lily-44de2328-3-eps-converted-to.pdf  used on input
 line 13.
(pdftex.def)             Requested size: 330.23293pt x 115.43095pt.
Package epstopdf Info: Source file: <4f/lily-44de2328-4.eps>
(epstopdf)                    date: 2026-03-23 18:14:21
(epstopdf)                    size: 247798 bytes
(epstopdf)             Output file: <4f/lily-44de2328-4-eps-converted-to.pdf>
(epstopdf)             Command: <repstopdf --outfile=4f/lily-44de2328-4-eps-con
verted-to.pdf 4f/lily-44de2328-4.eps>
(epstopdf)             \includegraphics on input line 19.
runsystem(repstopdf --outfile=4f/lily-44de2328-4-eps-converted-to.pdf 4f/lily-4
4de2328-4.eps)...executed safely (allowed).

Package epstopdf Info: Result file: <4f/lily-44de2328-4-eps-converted-to.pdf>
(epstopdf)                    date: 2026-03-23 18:14:23
(epstopdf)                    size: 29187 bytes.
<4f/lily-44de2328-4-eps-converted-to.pdf, id=4, 330.23375pt x 97.36375pt>
File: 4f/lily-44de2328-4-eps-converted-to.pdf Graphic file (type pdf)
<use 4f/lily-44de2328-4-eps-converted-to.pdf>
Package pdftex.def Info: 4f/lily-44de2328-4-eps-converted-to.pdf  used on input
 line 19.
(pdftex.def)             Requested size: 330.23293pt x 97.3635pt.
)
Underfull \hbox (badness 10000) in paragraph at lines 29--41
[][]
 []


Underfull \hbox (badness 10000) in paragraph at lines 29--41
[]
 []


Underfull \hbox (badness 10000) in paragraph at lines 29--41
[]
 []



[1

{/usr/local/texlive/2025/texmf-var/fonts/map/pdftex/updmap/pdftex.map}]

[2 <./4f/lily-44de2328-1-eps-converted-to.pdf> <./4f/lily-44de2328-2-eps-conver
ted-to.pdf> <./4f/lily-44de2328-3-eps-converted-to.pdf> <./4f/lily-44de2328-4-e
ps-converted-to.pdf>] (./c0/lily-ace025b6-systems.tex
Package epstopdf Info: Source file: <c0/lily-ace025b6-1.eps>
(epstopdf)                    date: 2026-03-23 18:14:21
(epstopdf)                    size: 261231 bytes
(epstopdf)             Output file: <c0/lily-ace025b6-1-eps-converted-to.pdf>
(epstopdf)             Command: <repstopdf --outfile=c0/lily-ace025b6-1-eps-con
verted-to.pdf c0/lily-ace025b6-1.eps>
(epstopdf)             \includegraphics on input line 1.
runsystem(repstopdf --outfile=c0/lily-ace025b6-1-eps-converted-to.pdf c0/lily-a
ce025b6-1.eps)...executed safely (allowed).

Package epstopdf Info: Result file: <c0/lily-ace025b6-1-eps-converted-to.pdf>
(epstopdf)                    date: 2026-03-23 18:14:23
(epstopdf)                    size: 31362 bytes.
<c0/lily-ace025b6-1-eps-converted-to.pdf, id=60, 330.23375pt x 106.3975pt>
File: c0/lily-ace025b6-1-eps-converted-to.pdf Graphic file (type pdf)
<use c0/lily-ace025b6-1-eps-converted-to.pdf>
Package pdftex.def Info: c0/lily-ace025b6-1-eps-converted-to.pdf  used on input
 line 1.
(pdftex.def)             Requested size: 330.23293pt x 106.39723pt.
)
LaTeX Font Info:    External font `cmex10' loaded for size
(Font)              <12> on input line 67.
LaTeX Font Info:    External font `cmex10' loaded for size
(Font)              <8> on input line 67.
LaTeX Font Info:    External font `cmex10' loaded for size
(Font)              <6> on input line 67.

Overfull \hbox (46.03896pt too wide) in paragraph at lines 67--68
[][] 
 []



[3 <./c0/lily-ace025b6-1-eps-converted-to.pdf>] (./a6/lily-2b45f55f-systems.tex
Package epstopdf Info: Source file: <a6/lily-2b45f55f-1.eps>
(epstopdf)                    date: 2026-03-23 18:14:21
(epstopdf)                    size: 255369 bytes
(epstopdf)             Output file: <a6/lily-2b45f55f-1-eps-converted-to.pdf>
(epstopdf)             Command: <repstopdf --outfile=a6/lily-2b45f55f-1-eps-con
verted-to.pdf a6/lily-2b45f55f-1.eps>
(epstopdf)             \includegraphics on input line 1.
runsystem(repstopdf --outfile=a6/lily-2b45f55f-1-eps-converted-to.pdf a6/lily-2
b45f55f-1.eps)...executed safely (allowed).

Package epstopdf Info: Result file: <a6/lily-2b45f55f-1-eps-converted-to.pdf>
(epstopdf)                    date: 2026-03-23 18:14:23
(epstopdf)                    size: 29892 bytes.
<a6/lily-2b45f55f-1-eps-converted-to.pdf, id=75, 330.23375pt x 86.3225pt>
File: a6/lily-2b45f55f-1-eps-converted-to.pdf Graphic file (type pdf)
<use a6/lily-2b45f55f-1-eps-converted-to.pdf>
Package pdftex.def Info: a6/lily-2b45f55f-1-eps-converted-to.pdf  used on input
 line 1.
(pdftex.def)             Requested size: 330.23293pt x 86.32227pt.
Package epstopdf Info: Source file: <a6/lily-2b45f55f-2.eps>
(epstopdf)                    date: 2026-03-23 18:14:21
(epstopdf)                    size: 253693 bytes
(epstopdf)             Output file: <a6/lily-2b45f55f-2-eps-converted-to.pdf>
(epstopdf)             Command: <repstopdf --outfile=a6/lily-2b45f55f-2-eps-con
verted-to.pdf a6/lily-2b45f55f-2.eps>
(epstopdf)             \includegraphics on input line 7.
runsystem(repstopdf --outfile=a6/lily-2b45f55f-2-eps-converted-to.pdf a6/lily-2
b45f55f-2.eps)...executed safely (allowed).

Package epstopdf Info: Result file: <a6/lily-2b45f55f-2-eps-converted-to.pdf>
(epstopdf)                    date: 2026-03-23 18:14:24
(epstopdf)                    size: 29529 bytes.
<a6/lily-2b45f55f-2-eps-converted-to.pdf, id=76, 330.23375pt x 89.33376pt>
File: a6/lily-2b45f55f-2-eps-converted-to.pdf Graphic file (type pdf)
<use a6/lily-2b45f55f-2-eps-converted-to.pdf>
Package pdftex.def Info: a6/lily-2b45f55f-2-eps-converted-to.pdf  used on input
 line 7.
(pdftex.def)             Requested size: 330.23293pt x 89.33353pt.
Package epstopdf Info: Source file: <a6/lily-2b45f55f-3.eps>
(epstopdf)                    date: 2026-03-23 18:14:21
(epstopdf)                    size: 253377 bytes
(epstopdf)             Output file: <a6/lily-2b45f55f-3-eps-converted-to.pdf>
(epstopdf)             Command: <repstopdf --outfile=a6/lily-2b45f55f-3-eps-con
verted-to.pdf a6/lily-2b45f55f-3.eps>
(epstopdf)             \includegraphics on input line 13.
runsystem(repstopdf --outfile=a6/lily-2b45f55f-3-eps-converted-to.pdf a6/lily-2
b45f55f-3.eps)...executed safely (allowed).

Package epstopdf Info: Result file: <a6/lily-2b45f55f-3-eps-converted-to.pdf>
(epstopdf)                    date: 2026-03-23 18:14:24
(epstopdf)                    size: 29662 bytes.
<a6/lily-2b45f55f-3-eps-converted-to.pdf, id=77, 330.23375pt x 91.34125pt>
File: a6/lily-2b45f55f-3-eps-converted-to.pdf Graphic file (type pdf)
<use a6/lily-2b45f55f-3-eps-converted-to.pdf>
Package pdftex.def Info: a6/lily-2b45f55f-3-eps-converted-to.pdf  used on input
 line 13.
(pdftex.def)             Requested size: 330.23293pt x 91.34102pt.
Package epstopdf Info: Source file: <a6/lily-2b45f55f-4.eps>
(epstopdf)                    date: 2026-03-23 18:14:21
(epstopdf)                    size: 245636 bytes
(epstopdf)             Output file: <a6/lily-2b45f55f-4-eps-converted-to.pdf>
(epstopdf)             Command: <repstopdf --outfile=a6/lily-2b45f55f-4-eps-con
verted-to.pdf a6/lily-2b45f55f-4.eps>
(epstopdf)             \includegraphics on input line 19.
runsystem(repstopdf --outfile=a6/lily-2b45f55f-4-eps-converted-to.pdf a6/lily-2
b45f55f-4.eps)...executed safely (allowed).

Package epstopdf Info: Result file: <a6/lily-2b45f55f-4-eps-converted-to.pdf>
(epstopdf)                    date: 2026-03-23 18:14:24
(epstopdf)                    size: 28433 bytes.
<a6/lily-2b45f55f-4-eps-converted-to.pdf, id=78, 330.23375pt x 60.225pt>
File: a6/lily-2b45f55f-4-eps-converted-to.pdf Graphic file (type pdf)
<use a6/lily-2b45f55f-4-eps-converted-to.pdf>
Package pdftex.def Info: a6/lily-2b45f55f-4-eps-converted-to.pdf  used on input
 line 19.
(pdftex.def)             Requested size: 330.23293pt x 60.22484pt.
Package epstopdf Info: Source file: <a6/lily-2b45f55f-5.eps>
(epstopdf)                    date: 2026-03-23 18:14:21
(epstopdf)                    size: 245441 bytes
(epstopdf)             Output file: <a6/lily-2b45f55f-5-eps-converted-to.pdf>
(epstopdf)             Command: <repstopdf --outfile=a6/lily-2b45f55f-5-eps-con
verted-to.pdf a6/lily-2b45f55f-5.eps>
(epstopdf)             \includegraphics on input line 25.
runsystem(repstopdf --outfile=a6/lily-2b45f55f-5-eps-converted-to.pdf a6/lily-2
b45f55f-5.eps)...executed safely (allowed).

Package epstopdf Info: Result file: <a6/lily-2b45f55f-5-eps-converted-to.pdf>
(epstopdf)                    date: 2026-03-23 18:14:25
(epstopdf)                    size: 28070 bytes.
<a6/lily-2b45f55f-5-eps-converted-to.pdf, id=79, 330.23375pt x 33.12375pt>
File: a6/lily-2b45f55f-5-eps-converted-to.pdf Graphic file (type pdf)
<use a6/lily-2b45f55f-5-eps-converted-to.pdf>
Package pdftex.def Info: a6/lily-2b45f55f-5-eps-converted-to.pdf  used on input
 line 25.
(pdftex.def)             Requested size: 330.23293pt x 33.12366pt.
)
Underfull \hbox (badness 10000) in paragraph at lines 76--88
[][]
 []


Underfull \hbox (badness 10000) in paragraph at lines 76--88
[]
 []


Underfull \hbox (badness 10000) in paragraph at lines 76--88
[]
 []


Underfull \hbox (badness 10000) in paragraph at lines 76--88
[]
 []



[4]
Overfull \hbox (38.38367pt too wide) in paragraph at lines 96--99
[]\OT1/cmr/m/n/12 To gen-er-ate a new [][][][][][] doc-u-ment, run the script [
][][][][][].
 []



[5 <./a6/lily-2b45f55f-1-eps-converted-to.pdf> <./a6/lily-2b45f55f-2-eps-conver
ted-to.pdf> <./a6/lily-2b45f55f-3-eps-converted-to.pdf> <./a6/lily-2b45f55f-4-e
ps-converted-to.pdf> <./a6/lily-2b45f55f-5-eps-converted-to.pdf>]

[6] (./midterm.aux)
 ***********
LaTeX2e <2025-06-01> patch level 1
L3 programming layer <2025-07-11>
 ***********
 ) 
Here is how much of TeX's memory you used:
 3800 strings out of 467816
 76241 string characters out of 5432258
 487385 words of memory out of 5000000
 32396 multiletter control sequences out of 15000+600000
 632162 words of font info for 58 fonts, out of 8000000 for 9000
 1141 hyphenation exceptions out of 8191
 67i,6n,66p,282b,201s stack positions out of 10000i,1000n,20000p,200000b,200000s
</usr/local/texlive/2025/texmf-dist/fonts/type1/public/amsfonts/cm/cmbx12.pfb
></usr/local/texlive/2025/texmf-dist/fonts/type1/public/amsfonts/cm/cmr12.pfb><
/usr/local/texlive/2025/texmf-dist/fonts/type1/public/amsfonts/cm/cmr17.pfb></u
sr/local/texlive/2025/texmf-dist/fonts/type1/public/amsfonts/cm/cmtt12.pfb>
Output written on midterm.pdf (6 pages, 324601 bytes).
PDF statistics:
 161 PDF objects out of 1000 (max. 8388607)
 96 compressed objects within 1 object stream
 0 named destinations out of 1000 (max. 500000)
 51 words of extra memory for PDF output out of 10000 (max. 10000000)

